// Jest Snapshot v1, https://goo.gl/fbAQLP

exports[`Home snapshot test renders correctly 1`] = `
<View
  style={
    Object {
      "alignContent": "center",
      "flex": 1,
      "justifyContent": "center",
    }
  }
>
  <View
    style={
      Object {
        "flex": 1,
      }
    }
  >
    <Image
      source={
        Object {
          "testUri": "../../../assets/journo.jpg",
        }
      }
      style={
        Object {
          "resizeMode": "center",
          "width": 900,
        }
      }
    />
  </View>
  <View
    style={
      Object {
        "alignContent": "center",
        "flex": 1,
        "justifyContent": "center",
      }
    }
  >
    <View
      style={
        Object {
          "alignSelf": "center",
          "flex": 2,
          "marginTop": 20,
          "width": "95%",
        }
      }
    >
      <Text
        style={
          Object {
            "fontSize": 17,
            "textAlign": "center",
          }
        }
      >
        Search the pages of historic American newspapers stored in Chronicling America's database
      </Text>
      <View
        accessible={true}
        focusable={true}
        isTVSelectable={true}
        onClick={[Function]}
        onResponderGrant={[Function]}
        onResponderMove={[Function]}
        onResponderRelease={[Function]}
        onResponderTerminate={[Function]}
        onResponderTerminationRequest={[Function]}
        onStartShouldSetResponder={[Function]}
        style={
          Object {
            "opacity": 1,
            "padding": 5,
          }
        }
      >
        <Text
          style={
            Object {
              "fontSize": 17,
              "textAlign": "center",
            }
          }
        >
          About Chronicling America
        </Text>
      </View>
    </View>
    <View
      style={
        Object {
          "alignSelf": "center",
          "flex": 1,
          "height": 40,
          "width": 562.5,
        }
      }
    >
      <TextInput
        allowFontScaling={true}
        onChange={[Function]}
        rejectResponderTermination={true}
        style={
          Object {
            "backgroundColor": "white",
            "borderColor": "gray",
            "borderRadius": 5,
            "borderWidth": 1,
            "fontSize": 20,
            "height": 40,
          }
        }
        underlineColorAndroid="transparent"
      />
    </View>
    <View
      style={
        Object {
          "alignSelf": "center",
          "flex": 5,
        }
      }
    >
      <View
        accessible={true}
        focusable={true}
        isTVSelectable={true}
        onClick={[Function]}
        onResponderGrant={[Function]}
        onResponderMove={[Function]}
        onResponderRelease={[Function]}
        onResponderTerminate={[Function]}
        onResponderTerminationRequest={[Function]}
        onStartShouldSetResponder={[Function]}
        style={
          Object {
            "backgroundColor": "#a9a48e",
            "borderRadius": 8,
            "opacity": 1,
            "padding": 18,
          }
        }
      >
        <Text
          style={
            Object {
              "fontSize": 20,
              "textAlign": "center",
            }
          }
        >
          Search
        </Text>
      </View>
    </View>
  </View>
</View>
`;

exports[`renders correctly 1`] = `
<View
  style={
    Object {
      "alignContent": "center",
      "flex": 1,
      "justifyContent": "center",
    }
  }
>
  <View
    style={
      Object {
        "flex": 1,
      }
    }
  >
    <Image
      source={
        Object {
          "testUri": "../../../assets/journo.jpg",
        }
      }
      style={
        Object {
          "resizeMode": "center",
          "width": 900,
        }
      }
    />
  </View>
  <View
    style={
      Object {
        "alignContent": "center",
        "flex": 1,
        "justifyContent": "center",
      }
    }
  >
    <View
      style={
        Object {
          "alignSelf": "center",
          "flex": 2,
          "marginTop": 20,
          "width": "95%",
        }
      }
    >
      <Text
        style={
          Object {
            "fontSize": 17,
            "textAlign": "center",
          }
        }
      >
        Search the pages of historic American newspapers stored in Chronicling America's database
      </Text>
      <View
        accessible={true}
        focusable={true}
        isTVSelectable={true}
        onClick={[Function]}
        onResponderGrant={[Function]}
        onResponderMove={[Function]}
        onResponderRelease={[Function]}
        onResponderTerminate={[Function]}
        onResponderTerminationRequest={[Function]}
        onStartShouldSetResponder={[Function]}
        style={
          Object {
            "opacity": 1,
            "padding": 5,
          }
        }
      >
        <Text
          style={
            Object {
              "fontSize": 17,
              "textAlign": "center",
            }
          }
        >
          About Chronicling America
        </Text>
      </View>
    </View>
    <View
      style={
        Object {
          "alignSelf": "center",
          "flex": 1,
          "height": 40,
          "width": 562.5,
        }
      }
    >
      <TextInput
        allowFontScaling={true}
        onChange={[Function]}
        rejectResponderTermination={true}
        style={
          Object {
            "backgroundColor": "white",
            "borderColor": "gray",
            "borderRadius": 5,
            "borderWidth": 1,
            "fontSize": 20,
            "height": 40,
          }
        }
        underlineColorAndroid="transparent"
      />
    </View>
    <View
      style={
        Object {
          "alignSelf": "center",
          "flex": 5,
        }
      }
    >
      <View
        accessible={true}
        focusable={true}
        isTVSelectable={true}
        onClick={[Function]}
        onResponderGrant={[Function]}
        onResponderMove={[Function]}
        onResponderRelease={[Function]}
        onResponderTerminate={[Function]}
        onResponderTerminationRequest={[Function]}
        onStartShouldSetResponder={[Function]}
        style={
          Object {
            "backgroundColor": "#a9a48e",
            "borderRadius": 8,
            "opacity": 1,
            "padding": 18,
          }
        }
      >
        <Text
          style={
            Object {
              "fontSize": 20,
              "textAlign": "center",
            }
          }
        >
          Search
        </Text>
      </View>
    </View>
  </View>
</View>
`;
